../Core/Src/main.c:77:6:SCH_Update	4	static
../Core/Src/main.c:89:6:SCH_Add_Task	40	static
../Core/Src/main.c:125:6:SCH_Delete	16	static
../Core/Src/main.c:133:6:SCH_Delete_Task	24	static
../Core/Src/main.c:150:6:SCH_Dispatch_Tasks	8	static
../Core/Src/main.c:164:6:SCH_Init	16	static
../Core/Src/main.c:180:6:toggleLED1	8	static
../Core/Src/main.c:184:6:toggleLED2	8	static
../Core/Src/main.c:188:6:toggleLED3	8	static
../Core/Src/main.c:192:6:toggleLED4	8	static
../Core/Src/main.c:196:6:toggleLED5	8	static
../Core/Src/main.c:207:5:main	8	static
../Core/Src/main.c:259:6:SystemClock_Config	72	static
../Core/Src/main.c:296:13:MX_TIM2_Init	32	static
../Core/Src/main.c:341:13:MX_GPIO_Init	32	static
../Core/Src/main.c:368:6:HAL_TIM_PeriodElapsedCallback	16	static
../Core/Src/main.c:377:6:Error_Handler	4	static,ignoring_inline_asm
